[2026-09-08 15:24:51] local.ERROR: syntax error, unexpected token "{", expecting "," or ";" {"exception":"[object] (ParseError(code: 0): syntax error, unexpected token \"{\", expecting \",\" or \";\" at C:/Users/gomat/Downloads/DEV PROJECTS/PILOT ACADEMY/pilot-academy/vendor/symfony/http-foundation/Request.php:117)
[stacktrace]
#0 C:/Users/gomat/Downloads/DEV PROJECTS/PILOT ACADEMY/pilot-academy/vendor/composer/ClassLoader.php(427): Composer/Autoload/{closure}()
#1 C:/Users/gomat/Downloads/DEV PROJECTS/PILOT ACADEMY/pilot-academy/vendor/laravel/framework/src/Illuminate/Http/Request.php(29): Composer/Autoload/ClassLoader->loadClass()
#2 C:/Users/gomat/Downloads/DEV PROJECTS/PILOT ACADEMY/pilot-academy/vendor/composer/ClassLoader.php(576): include('...')
#3 C:/Users/gomat/Downloads/DEV PROJECTS/PILOT ACADEMY/pilot-academy/vendor/composer/ClassLoader.php(427): Composer/Autoload/{closure}()
#4 C:/Users/gomat/Downloads/DEV PROJECTS/PILOT ACADEMY/pilot-academy/vendor/laravel/framework/src/Illuminate/Foundation/Bootstrap/SetRequestForConsole.php(31): Composer/Autoload/ClassLoader->loadClass()
#5 C:/Users/gomat/Downloads/DEV PROJECTS/PILOT ACADEMY/pilot-academy/vendor/laravel/framework/src/Illuminate/Foundation/Application.php(342): Illuminate/Foundation/Bootstrap/SetRequestForConsole->bootstrap()
#6 C:/Users/gomat/Downloads/DEV PROJECTS/PILOT ACADEMY/pilot-academy/vendor/laravel/framework/src/Illuminate/Foundation/Console/Kernel.php(494): Illuminate/Foundation/Application->bootstrapWith()
#7 C:/Users/gomat/Downloads/DEV PROJECTS/PILOT ACADEMY/pilot-academy/vendor/laravel/framework/src/Illuminate/Foundation/Console/Kernel.php(196): Illuminate/Foundation/Console/Kernel->bootstrap()
#8 C:/Users/gomat/Downloads/DEV PROJECTS/PILOT ACADEMY/pilot-academy/vendor/laravel/framework/src/Illuminate/Foundation/Application.php(1235): Illuminate/Foundation/Console/Kernel->handle()
#9 C:/Users/gomat/Downloads/DEV PROJECTS/PILOT ACADEMY/pilot-academy/artisan(16): Illuminate/Foundation/Application->handleCommand()
#10 {main}
"} 
[2026-09-08 15:24:51] local.ERROR: syntax error, unexpected token "{", expecting "," or ";" {"exception":"[object] (ParseError(code: 0): syntax error, unexpected token \"{\", expecting \",\" or \";\" at C:/Users/gomat/Downloads/DEV PROJECTS/PILOT ACADEMY/pilot-academy/vendor/symfony/http-foundation/Request.php:117)
[stacktrace]
#0 C:/Users/gomat/Downloads/DEV PROJECTS/PILOT ACADEMY/pilot-academy/vendor/composer/ClassLoader.php(427): Composer/Autoload/{closure}()
#1 C:/Users/gomat/Downloads/DEV PROJECTS/PILOT ACADEMY/pilot-academy/vendor/laravel/framework/src/Illuminate/Http/Request.php(29): Composer/Autoload/ClassLoader->loadClass()
#2 C:/Users/gomat/Downloads/DEV PROJECTS/PILOT ACADEMY/pilot-academy/vendor/composer/ClassLoader.php(576): include('...')
#3 C:/Users/gomat/Downloads/DEV PROJECTS/PILOT ACADEMY/pilot-academy/vendor/composer/ClassLoader.php(427): Composer/Autoload/{closure}()
#4 C:/Users/gomat/Downloads/DEV PROJECTS/PILOT ACADEMY/pilot-academy/vendor/laravel/framework/src/Illuminate/Foundation/Bootstrap/SetRequestForConsole.php(31): Composer/Autoload/ClassLoader->loadClass()
#5 C:/Users/gomat/Downloads/DEV PROJECTS/PILOT ACADEMY/pilot-academy/vendor/laravel/framework/src/Illuminate/Foundation/Application.php(342): Illuminate/Foundation/Bootstrap/SetRequestForConsole->bootstrap()
#6 C:/Users/gomat/Downloads/DEV PROJECTS/PILOT ACADEMY/pilot-academy/vendor/laravel/framework/src/Illuminate/Foundation/Console/Kernel.php(494): Illuminate/Foundation/Application->bootstrapWith()
#7 C:/Users/gomat/Downloads/DEV PROJECTS/PILOT ACADEMY/pilot-academy/vendor/laravel/framework/src/Illuminate/Foundation/Console/Kernel.php(196): Illuminate/Foundation/Console/Kernel->bootstrap()
#8 C:/Users/gomat/Downloads/DEV PROJECTS/PILOT ACADEMY/pilot-academy/vendor/laravel/framework/src/Illuminate/Foundation/Application.php(1235): Illuminate/Foundation/Console/Kernel->handle()
#9 C:/Users/gomat/Downloads/DEV PROJECTS/PILOT ACADEMY/pilot-academy/artisan(16): Illuminate/Foundation/Application->handleCommand()
#10 {main}
"} 
